model_release_task_matrix_environment=PASS
single_realization_seed=601
analysis_tasks=11686
unique_simulations=3610
workers=6
results=single_realization_results_v2_6_2
{
  "fixed_seed": 601,
  "fixed_structural_seed": 160601,
  "analysis_task_count": 11686,
  "unique_simulation_count": 3610,
  "avoided_identical_recomputations": 8076,
  "task_identity_sha256": "30857ac18a7944a18cc022270428758a91fff49721ffec152f12edc78fdff4bc",
  "task_count_by_stage": {
    "A": 27,
    "B": 270,
    "C": 162,
    "D": 54,
    "E": 270,
    "F": 10800,
    "G": 31,
    "H": 72
  },
  "unique_simulations_within_stage": {
    "A": 27,
    "B": 270,
    "C": 162,
    "D": 54,
    "E": 270,
    "F": 3267,
    "G": 31,
    "H": 72
  },
  "already_completed": 0,
  "pending": 3610,
  "workers": 6,
  "outdir": "<LOCAL_PATH>/cpg_v2_6_2_single_realization_release/single_realization_results_v2_6_2",
  "inferential_scope": "conditional_on_one_frozen_network_realization"
}
[1/3610] completed sim-839acf8792aba7d0834e429699c8bc4b00d256ba4715b1ac5effd271878efe5a (397.37 s; workers=6)
[10/3610] completed sim-3100a4c9d64d55ef35d6b88bbce790463db848910a62205b835f8c408378c688 (464.60 s; workers=6)
[20/3610] completed sim-9b64661a90bd62b6394f18ccdaead07412af9c8196de2128630a3a554edc317a (468.36 s; workers=6)
[30/3610] completed sim-33f007af43a2a5a0ae5368363831c6656bf60ed32d51c439c3bdf5f697a3c897 (483.61 s; workers=6)
[40/3610] completed sim-3c11d1d7c9d01530e65001becc19784d7d69a8f0fd663c9a63951bd0f2b6e238 (501.23 s; workers=6)
[50/3610] completed sim-f114c7cf7ff5470ed24ef16d2145782c29e3cad8a3a7a656d1e86058df63b03f (522.07 s; workers=6)
[60/3610] completed sim-751439b25699c9ba61173c0165a43c92895a3855258b1d30a40e431a38c2c8b8 (535.62 s; workers=6)
[70/3610] completed sim-542aea30520c0ddf5ee578d74dcc70ea74208508d2aeae514a836a2240bfe5c5 (517.56 s; workers=6)
[80/3610] completed sim-5c1b2c367a9d6a1d86c4138e1d522b897dd5a0fb9dc2b6aed324fb9b70416272 (514.46 s; workers=6)
[90/3610] completed sim-41eb529e348a7a5e5a3d8adf11031b55c74dcc9feba5c0531d4350416cfd8820 (497.89 s; workers=6)
[100/3610] completed sim-bc841cc124688bd5b35b626baf434af41d05cdcfeabce233364b4f8b9c4a30e7 (488.66 s; workers=6)
[110/3610] completed sim-f06884aa0b307f9fecc8f487e5c45656894d4d454e8a69d103e0e70e0025285f (491.40 s; workers=6)
[120/3610] completed sim-89b1bf5fcd820971646a3a0d2fc2a2e0eda21e4fd02cb3846593fc5cb21e2f00 (496.40 s; workers=6)
[130/3610] completed sim-f3dc019370cf139950d5c3447d8d2a12ccfea81c740471740237dab5eeaa736a (489.67 s; workers=6)
[140/3610] completed sim-7589d7e21077afdd6aad287e214e3ac3ae08b25acd7e387cb53838d25c8dcb46 (484.58 s; workers=6)
[150/3610] completed sim-af8f2dfc12070f5eaeb76e873432b1857b1634d15abf5b4a02d02ed4ecaf4337 (498.93 s; workers=6)
[160/3610] completed sim-0740bba42b4f4adde3e040f249657ba7894e3a66e447d1648f6660057bcfb13a (488.02 s; workers=6)
[170/3610] completed sim-8088ac4f153c97f83713860d3c7321869be0476754c39ba8f7591c5828cede4d (489.89 s; workers=6)
[180/3610] completed sim-bb620b32de5d69da668661ed1936f302758150ff9bf8e2482911dfa1778f0fde (497.96 s; workers=6)
[190/3610] completed sim-dda3326bd4b63074b6891f8ef5dc7fdc15610fb3b0c2f7290b1e0fa9cefba02b (485.83 s; workers=6)
[200/3610] completed sim-57f04a9ed8068c841ed715ccbe68f0ed367abfbe60a5f5b4bcc81710e2dd3f09 (489.21 s; workers=6)
[210/3610] completed sim-2c7ef78a462983c580fb7eb74943b94b92f454382085df9ed2332ff774b3b872 (484.16 s; workers=6)
[220/3610] completed sim-4f3a57d8bb4838b99ab3d0f6bbfe677253201bf17642e9af6e99e78a9f0f9d27 (468.30 s; workers=6)
[230/3610] completed sim-17926f82c945ac27ad731f65d309f1e6862967a739a8d45627b127add3967038 (471.12 s; workers=6)
[240/3610] completed sim-2fb46c9f2cbbb84395cdff17141cd845c95a3485d582e6dbf4d8c8d9736c31c4 (465.46 s; workers=6)
[250/3610] completed sim-80e26a83597a5fd0604d6405ad042d368e23309b1b4b87ba1398a8425d6bae85 (479.45 s; workers=6)
[260/3610] completed sim-97acfc78c037600016ec0f75caf6cb06c7904fac80830ec92304d2f7120c7c9e (500.38 s; workers=6)
[270/3610] completed sim-8e498aff51f86fdfbec2ced656264af19a2a7eac5f6e24616dfb14b6ff642072 (499.59 s; workers=6)
[280/3610] completed sim-587429c5f34922f43f5b8bf5b2c934c732d6c7e156206862f9556fa8f4b7f714 (479.63 s; workers=6)
[290/3610] completed sim-7426a435c9457b647dbaa7bd2e624fd6af4c0140b27dcc7a0e0735e3bc047b85 (471.08 s; workers=6)
[300/3610] completed sim-5e98b62361baa20e9fb548ef2dbe03e7e7580269d8778c0be921c19470f16edc (484.82 s; workers=6)
[310/3610] completed sim-d467033b608bc5eb2b1f0898fe3d3eb8a074dd65388925bd3f6f46e57107c73f (485.93 s; workers=6)
[320/3610] completed sim-b2c4ca779657ac6e1366a1f21ed72b81c4bb90baf9ae45653132cd2287bd956b (491.56 s; workers=6)
[330/3610] completed sim-0e636b64f2d6d28212cf93d1d78947ad0c822059d3412dc452326317327d8cce (500.54 s; workers=6)
[340/3610] completed sim-86bfce1cc89d6ca98233786ee35f50ee2ccd07dab516cf37fc4deffc85c668aa (517.01 s; workers=6)
[350/3610] completed sim-728bbaa8ea8de2fc5422fbe9534348191dfe00202d33d9747979cc90dc3923f7 (527.31 s; workers=6)
[360/3610] completed sim-f1f17583971505011addc547bdce6db846fb715bf510621045950e31aa31ee18 (535.84 s; workers=6)
[370/3610] completed sim-cd510c2c2b6b0def3a7e75bcf713bcf398f13cd2d4e901117377791fc683c8d1 (549.65 s; workers=6)
[380/3610] completed sim-a3030483d31e9e9a0cb739e6a207b0e90870cdfe143a926fc63f21925d1c5132 (554.36 s; workers=6)
[390/3610] completed sim-5187fc8929cc94a8830f27021f59964addfeb4229bb82ae72f871c3727b73d3d (549.09 s; workers=6)
[400/3610] completed sim-6d32f2cb657b179acdadb7915387b78413236a06d98d479362f87c2b4b9723d4 (557.43 s; workers=6)
[410/3610] completed sim-60d06cf9f2fbf87f3a0ea5fff284102b1fafa2d0c3b0b3f8b9369b3f4802b4d0 (541.51 s; workers=6)
[420/3610] completed sim-98b927d08ecee92676198c287539bf66dbe82bd39d8637bce5371fb7dc5eec2a (471.15 s; workers=6)
[430/3610] completed sim-33c45be6a545f31ac552a6eda6e2122e194bdaa8724c9b1ec00979a85b75e5f0 (509.89 s; workers=6)
[440/3610] completed sim-a907ba683c24cbd61c89b8530eafb824ea92c59715e19306a0b18fe8077e6619 (520.23 s; workers=6)
[450/3610] completed sim-b105362ef4a09ca2628bb8166bde77f653222c9d78d54694499b8633c379838e (536.15 s; workers=6)
[460/3610] completed sim-a18c58179b5afefff055266b1430631dfe01d5e1ee4097634666423b0cdae9f4 (548.28 s; workers=6)
[470/3610] completed sim-8d79fab1f2d3faf4ab2112342cc0a3a2b43aaab5660e4f06ff927b9f56282910 (535.57 s; workers=6)
[480/3610] completed sim-fdf7f7e095650f4875bdd9964fb1b71106c2bf051097cfef13f6aa609bdc3da9 (423.50 s; workers=6)
[490/3610] completed sim-aead3bffb7b374ec00afcc1a2ff61d14bb2f18685d5130b767ea9cb358d70402 (499.20 s; workers=6)
[500/3610] completed sim-02169c83a9cbe4c6a48569e2b32545abbd2a6065d5021ab6bb07e20e5d7775ea (482.15 s; workers=6)
[510/3610] completed sim-0afd609a98a1c16030229985c3898d47c1c7fc7406387d590aac050f1046e12f (545.09 s; workers=6)
[520/3610] completed sim-fe35e05832e67b4e4db7ba2093a636e4f78148888414b1b214047d0208f7d27c (514.07 s; workers=6)
[530/3610] completed sim-53ad07a0ddf80660d0406256954421523778db9e82cf291fc8e40aad4ac4cf4b (526.91 s; workers=6)
[540/3610] completed sim-273c3be09961c790196a90b037cfe876a24841471bda57632379215c5d205619 (535.85 s; workers=6)
[550/3610] completed sim-0605f9ee05e92542c48e14004380a06f201f7adbe058cd7cf6778746ad7d8df7 (545.45 s; workers=6)
[560/3610] completed sim-86f4b0847120fb938224bd10bbbdbcdefa474fa1459e9c6ddc966a30382ac0bf (559.16 s; workers=6)
[570/3610] completed sim-3db406800fa8864fe9742f3a555746b31f9d86dcc9fd39cc120ae03d81461ea1 (566.77 s; workers=6)
[580/3610] completed sim-519f1ede405eaeb14c05923656bfdaa466d1ac19b1f819d0ac1a3f6ce63c5070 (571.29 s; workers=6)
[590/3610] completed sim-db464753212e19c56c8d14e471c02df996d41396b0e78cc650116120a4836684 (615.21 s; workers=6)
[600/3610] completed sim-e5c2fd8e76f4546e335064278c075b8c9321c3efa32b0ac4e416d319ad26aa4a (490.57 s; workers=6)
[610/3610] completed sim-8835b45d5b3f2ef5d39a4027e8312ecfe8a751d46688a7a6695b1377ef8b6f8e (561.47 s; workers=6)
[620/3610] completed sim-29e467df6dbe5a0cf5d63b71a9ae4f1ad41eca9618a47d481184204ad10c12b0 (619.94 s; workers=6)
[630/3610] completed sim-05015204eb63d858bd4f895e5a412c397f25c2687da32a0d613a207298e8c5b2 (640.24 s; workers=6)
[640/3610] completed sim-f332a6751593a069950912ebcaea7fbb3e23bfc391e49ccba3a757455f2f3193 (653.54 s; workers=6)
[650/3610] completed sim-caead1aa1dd68425b33b2d93b6e45659cc24e19627029bb0d7b70859a4335e86 (670.46 s; workers=6)
[660/3610] completed sim-1aec05caf3c95ca062c497c9b2ab54d560763e3b72d131a08c3cdb2d1f8f8a86 (679.97 s; workers=6)
[670/3610] completed sim-75be513b72cbeb3da754c74d29757004b6350765fa6529ebf761414ebc27117b (848.74 s; workers=6)
[680/3610] completed sim-c36afde51a7fdd0a671dbc509447720083cfe05d471a9393aae20cef51e10dc6 (824.70 s; workers=6)
[690/3610] completed sim-e40bd5aca9f7b70e9193b93c2634002f717266e2b8e91a6ea2d8254bf77b48ff (814.53 s; workers=6)
[700/3610] completed sim-5cba97f4110b9a9da9f256b24361af817fe13727f35fddff1083762e2d6b5d5d (692.27 s; workers=6)
[710/3610] completed sim-41c41221aa1ab05c50080c6f1363aedb818a9a8d39a6b94eca766d1f7af82e91 (666.38 s; workers=6)
[720/3610] completed sim-5b281032707371e3bc4d5b69e3fd70768c0034c53bc7d09775e184ec891ead8a (653.24 s; workers=6)
[730/3610] completed sim-95a6fdcf58fb0e585fe7a45973b6b881ba5c40c36c0664b8c3824160df312f6e (533.66 s; workers=6)
[740/3610] completed sim-8037755b559b1984af1b4379aa0e6798fbd93eafaaa293807b12512e081e2799 (490.47 s; workers=6)
[750/3610] completed sim-e298f983852ebfdce950a423f59930b6e5a8029360add03f23dab9863c6a679f (470.86 s; workers=6)
[760/3610] completed sim-a49cdebbbfd516d9ef9bbaa33e2531d0e6cdcd158304dbcdf7c90286eb84ba6e (735.59 s; workers=6)
[770/3610] completed sim-e8be76dd3c424e1f9521ccb25906a52ab7a59ad525dc40a71bcb7264e2fe0645 (476.64 s; workers=6)
[780/3610] completed sim-fd741bb01401b60720d15a6014b43e3ed48dbfc82ca896806055c4f6405b9de8 (552.54 s; workers=6)
[790/3610] completed sim-081f3530ed1a545f724fcb155bf72d7aa289ac5733f62296b9ba91efd73a3daa (520.90 s; workers=6)
[800/3610] completed sim-7a2a8de3b3bdaf827e8c9fc87d45e1441741e74c1b5900ffda8f9915de0d14c0 (499.70 s; workers=6)
[810/3610] completed sim-89625114d42801e4612d3860a251404a235d491ec7631a49f24cfa27360049bb (535.13 s; workers=6)
[820/3610] completed sim-edb98e595aaec3b21a38f8feb87fa37ff953aab1248e155c0cba3665362570fd (537.02 s; workers=6)
[830/3610] completed sim-ce07856a513d69293ff817cd65435604f19965a31613c488c4fbfd981ca525c3 (550.28 s; workers=6)
[840/3610] completed sim-c603aab89e3a374bc91c390dc65bd5cb8915ed0d17291ac17a4d3fbec2d91a04 (577.25 s; workers=6)
[850/3610] completed sim-53f0117f55136871de9c87a17ef389f8fe89ba1ca317118badfea35d597dc2ea (578.46 s; workers=6)
[860/3610] completed sim-14612495ff2b0262db1441c16591737127484cdb8e5351040707cf4d4a473c67 (580.88 s; workers=6)
[870/3610] completed sim-926de94890f82ac0530f684ccf4f0bfbe53fe0e40b536d89a9e888ec56b2283b (567.45 s; workers=6)
[880/3610] completed sim-c51e6399bc8ed770b34947ae7a0eee31de101dac8758ea8d88f9c7dd1a096664 (491.47 s; workers=6)
[890/3610] completed sim-a34bc7985b32b4ee482bdd902de5241ece8094560ece74f3b73745f27a3cbeaa (482.45 s; workers=6)
[900/3610] completed sim-95633ba9fe7a6eea379cbca3a1f48f0087dcb6f5537e447f079abbd5fa4806e0 (442.39 s; workers=6)
[910/3610] completed sim-8a283d9abd040dcc51ca02f242da34746e86d695e580b5170677f5f53fc1350f (528.87 s; workers=6)
[920/3610] completed sim-03098529cc582a381069f25a936a466c17fc7239638430eccb946dc48deaef67 (645.44 s; workers=6)
[930/3610] completed sim-33cfbfe973a862c12d2bda7da9974051a83784a4121eefd55e7199c04eaa43bb (581.41 s; workers=6)
[940/3610] completed sim-5c75e85e2c29bfe148fa1f4c915056ba028a048de3b4777091ed99f884cf1d60 (610.32 s; workers=6)
[950/3610] completed sim-d2d1893894f2b7b543e7bd966cdb8c841dfec73e34909c250e5237b46dd64825 (628.26 s; workers=6)
[960/3610] completed sim-22e1cb644d3e75812ff06d098268084342b1778c7533d30220d5ae0e83fd9d52 (640.42 s; workers=6)
[970/3610] completed sim-0e903fe01a93788025fac5a03d964db8c42e44128c1cbb4933bb6ae9f0da1701 (649.60 s; workers=6)
[980/3610] completed sim-a574db5d7392c072ebaf4a15cb61ab838518330b2ef066807e28171ab48be13d (664.87 s; workers=6)
[990/3610] completed sim-3e3092479bfbd0ef5427925800f65ba80c3acf54cb1407329ebba56a6c8c999a (653.93 s; workers=6)
[1000/3610] completed sim-c345144d9804f613ec6a059072d4877be776e654b4820d8074657b3f697430db (674.68 s; workers=6)
[1010/3610] completed sim-a8606b379bb5926f721a2b98ab1c9114ca9bd2031b276b7836d3aa1f2c3a55c0 (681.08 s; workers=6)
[1020/3610] completed sim-6cccac333277b9e64a3f9bc513b35987f5e679258d38a3baeedddd5be4a4f9af (654.90 s; workers=6)
[1030/3610] completed sim-16c83b40cf39d561069c6c744fdd91cf84dac18adc7a4dd6a600dbc733064db1 (715.76 s; workers=6)
[1040/3610] completed sim-ad8a291c36d6fe0b116a28915976ced4a93d22ebd1b27ae3f7101a17906367b6 (678.43 s; workers=6)
[1050/3610] completed sim-4659fe291c1e4b65b0b19ccb7b99cb866981c8cf13a8fd7fd1216a8995b6280e (703.89 s; workers=6)
[1060/3610] completed sim-6b4d163de325a5ac0d5060413f98d60bf3f814a2d16388d254efa8404437232d (687.66 s; workers=6)
[1070/3610] completed sim-5ac2471024430761f4836a7f9f87ed6329054850ea20af8fc320c0e6333d6874 (671.54 s; workers=6)
[1080/3610] completed sim-882799e6a7a2161bd4df28e08b63258f73f735c9b46e2175c6584a8ac1113acf (697.79 s; workers=6)
[1090/3610] completed sim-7afca83c7c6e3a1395b5d4682ce529ba9c5e507c2afa18c20e487633a3d04507 (667.90 s; workers=6)
[1100/3610] completed sim-6cc09f536bf4eb6754c71ba2cbd58ad5df7054de6b26e64cecfc8c18c345c9fe (691.29 s; workers=6)
[1110/3610] completed sim-cc782c0aebe1e3d698cd8441200ad8c6a5d2ee1007f183c73fc2cec46cdf750a (770.74 s; workers=6)
[1120/3610] completed sim-bb0a584d7b8e91dd2aa9ffa7f424820465f54168bd014f9a96c9e76582dcbfb3 (833.81 s; workers=6)
[1130/3610] completed sim-ae8900a862adbfc856d57a5f60e89b74ac1b4b9f0001d375ee302b1e391067cc (839.00 s; workers=6)
[1140/3610] completed sim-9ba8fe0f756ad91875209f4ce765c11279c57f35d9f5e309bacad1529eb0670d (872.95 s; workers=6)
[1150/3610] completed sim-71c91f7b53e56e5de0ddd9705e881ef7e11ddc84ce35bca5dcc3a08b3c2c99f0 (888.36 s; workers=6)
[1160/3610] completed sim-c4f1968998d69abe3c09136d7bbff17f4d6fcf25b724fdf81ecb416c51421c30 (969.83 s; workers=6)
[1170/3610] completed sim-da137184eb923b0bc6e53a26e08ca96d99ee1f62727d73eae790b0984bb0a784 (910.40 s; workers=6)
[1180/3610] completed sim-4c77cd7d0fa3259d7d05939a410346aa20825c7dc09bbd8ba75dba8935153883 (423.47 s; workers=6)
[1190/3610] completed sim-c9381bdcfa1fc4efc0f100945d4d7a3f208b11a208a36197169580b086ce7dd0 (519.95 s; workers=6)
[1200/3610] completed sim-71ec645d1017d8efdf09cca3a477927ba3bcbde06aa8960a7b4029db2f0c68ae (529.44 s; workers=6)
[1210/3610] completed sim-91b238d17237375b62c78b074e9e7ee3ccc74bbeed93ae959d3608404f28d2d2 (541.90 s; workers=6)
[1220/3610] completed sim-424bad1e663ca7d6187b60f85ced0952db4ae76bb429039f280346aa2609a8a1 (561.01 s; workers=6)
[1230/3610] completed sim-960fc3119f72aa596f50a228dc806863f869b608a56ff1362af4905a36a64d12 (550.97 s; workers=6)
[1240/3610] completed sim-1d7405cc8eca5be47cf6346b967cb508c16e3b74626b2c2067b81d47ba344953 (554.58 s; workers=6)
[1250/3610] completed sim-ead5f2df211df1c0c24fffe940f95241a56896470ebd257a38c3e3ae98214afc (547.54 s; workers=6)
[1260/3610] completed sim-87ad2893bca4202cdb9c6e5a9c5cc753ac1c7e5d5aa3f9a516a7778cb2301065 (547.77 s; workers=6)
[1270/3610] completed sim-acde98e0c6c05bb3cafa9cb3f4fc3b7034b32fcc5dc56bb591d58fb1ef67084a (556.46 s; workers=6)
[1280/3610] completed sim-0929f3d99b8cc186d3e0c2078e75a2c7d2ead7ca0245a4f958a28e6bbf978918 (627.30 s; workers=6)
[1290/3610] completed sim-09d81e354dd4da8b42698e99b66015ba2d9560dd9a930d8ff351f0308ffea959 (743.61 s; workers=6)
[1300/3610] completed sim-d4e4c7d0464289d32494c67ef74f11534daf7956e5bbb1e1ea1a6cce21073f19 (781.34 s; workers=6)
[1310/3610] completed sim-c4c16127368ca0ce1a17e94437e243ef7c8bd673472e8a9793bcfbb456f8c80c (768.52 s; workers=6)
[1320/3610] completed sim-824c36d59ab33b947e22e5b3659224be4e934ba440a3c332dbade18a6f925b8a (795.11 s; workers=6)
[1330/3610] completed sim-5516795600846efbdf9c4eff735937f6afd4f648d9a685c8c0960027ed90268c (807.40 s; workers=6)
[1340/3610] completed sim-1a5576d1a1566d82b0795eed9347af3599ba6abdb83e1eb760eabbc050b8928d (814.23 s; workers=6)
[1350/3610] completed sim-13ee120868e385f513900abeba34d6f6452f98c9cb8a33409722d5cee06fcfb9 (792.06 s; workers=6)
[1360/3610] completed sim-b3938099915b643bf27535e772d02cf233c0aae5383b16419e0e3ece29d1b166 (604.31 s; workers=6)
[1370/3610] completed sim-d15e5ba90d0424a7f5de5e75cfb0371a2e7dd17ca8af96e63eed218cda7da6e4 (592.19 s; workers=6)
[1380/3610] completed sim-1e81396124c0ef85b38043bfd785a56e3a2624391a5b81329f2f6bea0f59d62f (581.45 s; workers=6)
[1390/3610] completed sim-81beb03a53e123b2dd6d2fe4da7bb75f826e34769aa2a6fdacd51f1e067e9b56 (579.24 s; workers=6)
[1400/3610] completed sim-befd6830347c8b650bd1a44a6ad7f42220450bf43253529083d50551cbb5ab8f (595.07 s; workers=6)
[1410/3610] completed sim-d11d55bdb7042c5f117d8ea4b85d86407b373c5e9bbc3980fe14be5a7bdd702d (552.84 s; workers=6)
[1420/3610] completed sim-994fdd1e789a8ae6c1a363c89fd0eaa7ea62c0d684fa63135e9a15d2c48603e4 (655.54 s; workers=6)
[1430/3610] completed sim-eef41891ca8fd93b1ec1e6a934f3eb4a575b034808a48e5a9cec460bcfca9a9a (694.80 s; workers=6)
[1440/3610] completed sim-87b728cb0f27d90bc7f86e2a347774f167f2595744dfc82b9a6fa2b75ddca17c (691.91 s; workers=6)
[1450/3610] completed sim-b9c8b2b8cd84015ab38b70be0f541171e4e32b8f71dd7bba8f53f63f473b5851 (773.93 s; workers=6)
[1460/3610] completed sim-65806f4a96db8ce5a0981c95a76a1b45e31e7f7320b469df92bcddb67a572991 (823.87 s; workers=6)
[1470/3610] completed sim-d1a908250cdd7402f03d7419b6d1d0b5999b4a3a85bcd08d788d4fc0cc714fdb (761.26 s; workers=6)
[1480/3610] completed sim-efe4823041acdef6af521730b50211b90a85f23df1d16fa13706cad96718c56f (554.05 s; workers=6)
[1490/3610] completed sim-9aa0a0e00a8998f7f173ee37248eba8a0852ab8277bbc9dcbb973b048917af81 (589.09 s; workers=6)
[1500/3610] completed sim-ee7fb7008a21ae0c9125b80b2b5f242f0865c6d95ff1efd3fa80a5e215a47bfb (589.36 s; workers=6)
[1510/3610] completed sim-ef248c20e5731c0231115d3bb88315ab8cc28b2842af2ff402b53326d52ca006 (630.74 s; workers=6)
[1520/3610] completed sim-275bb2bd7aaab18a26e8190ae7c3ed9265a55224fb68a68939be6e0a8c9bb870 (645.96 s; workers=6)
[1530/3610] completed sim-397ea32bdc79aa9ac929f92be55a099afb458e851c83f73bae2907c1f176eef9 (579.75 s; workers=6)
[1540/3610] completed sim-cff7f2c2eb09ed490d83ece3c58d566dd843ea61e97ab4ddf0889a4b1c49a6a5 (607.77 s; workers=6)
[1550/3610] completed sim-29f96be51205f3448ac117bf2253cb508aebeb42d6ae10a79d9593652c64c547 (639.58 s; workers=6)
[1560/3610] completed sim-e35af7c2f74d686a38ba24521b84778206c8fb1adfb48e138d4f583fe7860cbc (641.10 s; workers=6)
[1570/3610] completed sim-1656f73d13a06982b4b0c14438cbcc431f970b82962f1f299a6529231ab60d6a (644.52 s; workers=6)
[1580/3610] completed sim-1e1e4495853f583c81243cbd238ee3a8f2ad881e271b05e5433363ead0699674 (716.13 s; workers=6)
[1590/3610] completed sim-c62149689a8179db28ffd0f7a40f1fa738b003bccba8a11b8dd358e0997cc656 (623.34 s; workers=6)
[1600/3610] completed sim-4aabbac8e0292f74d48726f9630717f93c4d07a5d4e553e0047316ae551d7b00 (574.30 s; workers=6)
[1610/3610] completed sim-dccc8a7cf3f2ee4cc889b6a426b35636ad8c3510510e74fbe6f1691a638ead65 (621.55 s; workers=6)
[1620/3610] completed sim-663ad313bd57d4fc8ce105bc82ae2ee295cdd9a4afddc5794dee853211214561 (632.64 s; workers=6)
[1630/3610] completed sim-67759f81a5d621485df94713428bf31755d58aeb60b9366434426d8813cccf49 (655.89 s; workers=6)
[1640/3610] completed sim-9a0d112df53eaa717d30c9c396fac75d89069bf01e9f318e40445cb8c686afae (662.11 s; workers=6)
[1650/3610] completed sim-35e59d7a8431f2044c178f8a7eaf2fc442d15077d03a787bf407e6ced78dd6fc (666.75 s; workers=6)
[1660/3610] completed sim-a993dab52229be0dabbe2e6b52d842f700ddff96b46cb852c0a1c9d01ce6808e (711.39 s; workers=6)
[1670/3610] completed sim-f896683e5d152343f18f3e2d972384a3e48b9c9ee38b6c07beae84952e16a0a7 (682.55 s; workers=6)
[1680/3610] completed sim-ad83031426e5619e21842eebf8ebcce0ecec3efaf4c13b11645519ef2fec34b7 (672.29 s; workers=6)
[1690/3610] completed sim-bf8066ccc6666083f9372b78dd25856ea245d7028612543c078a44159fd6cc74 (719.81 s; workers=6)
[1700/3610] completed sim-63a038fd972fd33e978406114f083f04d4aa598b89abf8dad6b2f4a9caeaaa29 (676.65 s; workers=6)
[1710/3610] completed sim-4c37f2d51d2235709725bbfae0f205e5fd6629e7c3c2cbe56049171cf5e775ca (672.20 s; workers=6)
[1720/3610] completed sim-1e4a31c06af495a18bbb2ab20ea5a2746fc099b599d33388bd2d0e26eb887421 (678.16 s; workers=6)
[1730/3610] completed sim-ab61d148558f5ca2bba7f389b7cd851833b235bf39b10d72e66fd9fa7a2da272 (651.38 s; workers=6)
[1740/3610] completed sim-0cb743b87b9774d3289af884087b6948b8f55c9ee64dccf4c953c92c40817bf2 (660.67 s; workers=6)
[1750/3610] completed sim-470e827ec0e2d22b3a98e92a2dbe7ee394db7639c31f493f080da600e0462f6d (650.22 s; workers=6)
[1760/3610] completed sim-c6184d4c6b8ceea8bae1760d565bc48604fcb21832c3507e8f0d32f87a475b2e (646.25 s; workers=6)
[1770/3610] completed sim-29c0885da2a9e33986754b4c1b3c61855f1b85a1cb29ae7a4a03414bc6cbf022 (652.30 s; workers=6)
[1780/3610] completed sim-e5783b16e4cd590d99dcd141fdb98eec1f56d4d69aa4f20cf5568b30d2074012 (643.80 s; workers=6)
[1790/3610] completed sim-6932220aed3a9e712d58413324feb2bfdbc1a52d082024420f7113c3af67f552 (680.10 s; workers=6)
[1800/3610] completed sim-f25348892e4b96d11c7cb93658f4189a6b03194519e7cd35fe7fd7425290af5f (667.76 s; workers=6)
[1810/3610] completed sim-89096923be2d5e874912866fddf51c105140781103869a56e307995801bd17bd (683.19 s; workers=6)
[1820/3610] completed sim-ee4aeb9134543d1639e35cd3ed0725c803f088da05a13986b210912fcc2976e8 (819.38 s; workers=6)
[1830/3610] completed sim-0fd67402ac0ef6226206d738f16fafdb2313205b7a53c392b787b07d71e4f4ff (864.87 s; workers=6)
[1840/3610] completed sim-f32e76045a1e6cc0ff1236aa445ef62d4cf666134244f62e8793694305965ce3 (849.07 s; workers=6)
[1850/3610] completed sim-b2ac1724f2100e211a5b42f49c315db9781efe5136f558674654828fca96adaf (831.81 s; workers=6)
[1860/3610] completed sim-8e7d325db2d147e04e0a7ab44dd35092fa9dfcf61d6da1ab94341de4254191b4 (832.95 s; workers=6)
[1870/3610] completed sim-ef717510af837a737a19c7a62b05367b4619681217ad901c25154bdcaf7e1ffa (549.01 s; workers=6)
[1880/3610] completed sim-9bb8767e43a32dddd4c15d11427ba0f34ddc6f6b62a6d4bf39f6b643a372e8b1 (561.69 s; workers=6)
[1890/3610] completed sim-50a94bce2c0e886f37765d4bbcb007073f33edba78e22a51d3ec6c0f78036240 (578.38 s; workers=6)
[1900/3610] completed sim-ef7d0ad51e9a18a8fe1ca37a56bc02ce713c264fe9d880641b95ff57baaab492 (720.35 s; workers=6)
[1910/3610] completed sim-cb7465ed168ec6fd03d433487f9dfcad1f6b85c76c5966a12f8053d5b4d9270d (555.14 s; workers=6)
[1920/3610] completed sim-662a20a2f46ed1ea4b99ce0865bbfb418466c97b13aee0e0b220a1f3dca83e60 (417.21 s; workers=6)
[1930/3610] completed sim-8dc2a115df1152a3b26abde3030e1b2d15cf39647441028bd8f0acb19db22594 (470.69 s; workers=6)
[1940/3610] completed sim-8bc36fc1bfdc093526ed7d4bb8fad045622bb888a0a16530d72247797b87983b (481.24 s; workers=6)
[1950/3610] completed sim-6fc7eba320c744ea948b91c9003fdf28e9af647641500444ccd7131991417142 (495.27 s; workers=6)
[1960/3610] completed sim-091830dcd26cc1837e0b04c95d084e0de447d2d16428b5edb828a0b981e95b9f (496.84 s; workers=6)
[1970/3610] completed sim-3895ac3f185987fa9404865e3cb6558a9da49b47d8c373f9762c474d4e63c6cc (492.32 s; workers=6)
[1980/3610] completed sim-ee8c00e1c00e344bc2fa5b5ab086f1f8e868fdbdb295fdf8f4b8e1042bb360d0 (499.73 s; workers=6)
[1990/3610] completed sim-dfb483cecba87a2351306d3e140fa313fc147358bb7c74d615ee3f5decea9831 (486.73 s; workers=6)
[2000/3610] completed sim-8f4d888a41e0b8583ad1a48684d00206faf858c6974f574a8bc7c6951601dd1f (485.42 s; workers=6)
[2010/3610] completed sim-9ab6b827b05f630a606d57d0e1a307b9dcc5acf296b7b6d6cc50e70b650e0d4f (493.64 s; workers=6)
[2020/3610] completed sim-49425d3bf941004234a27023dfa09a0ac948f40067463c5ea8ee534bd11d1907 (490.06 s; workers=6)
[2030/3610] completed sim-0537aaabbfa55e51b77188a00c7f7682813e93065c52ded25196dd3318aa2a76 (479.79 s; workers=6)
[2040/3610] completed sim-c3b1c48c82437cec163462fcf84bfab2dbf529733c4694746bd33572804d9347 (479.51 s; workers=6)
[2050/3610] completed sim-12876dd53584d9512d600697d166e8017443783125b8297d2cc1033aa13a0a43 (482.20 s; workers=6)
[2060/3610] completed sim-5f62315be0bdaeb204d776735e0e32dd82ba614f6bfac623dcb9f61db94839e4 (491.19 s; workers=6)
[2070/3610] completed sim-0d949643a38f4d38aab0d0fa7f35a199106b262a30f1b2497000508482146cba (473.14 s; workers=6)
[2080/3610] completed sim-d9c14bfa714ec9be2ed742c68d01bb6abd8903c4b0dd4520f777bcce8120763a (476.89 s; workers=6)
[2090/3610] completed sim-a9fb07b386161f5a268891c80cee246bbf822834bdeae51266edd93c7bc9b7f7 (486.96 s; workers=6)
[2100/3610] completed sim-c344cbaa62536bdbdf1b4bdba8179fc9d3008738409893ff0a411d5b0b1e360d (470.90 s; workers=6)
[2110/3610] completed sim-4b51bd31c9e13a676bface69cbe8e41767f6910b468648e3bd8a2ac3604f922d (473.64 s; workers=6)
[2120/3610] completed sim-ff7961a45b8a2d3047b019961e4b708b85e7d515b6e46e1e96511c4fc59235f4 (481.57 s; workers=6)
[2130/3610] completed sim-2defd0516c04a65d9525ffeb997b8e49ae1182ca9999a7afd5ae22839dd5b2f3 (471.69 s; workers=6)
[2140/3610] completed sim-2ce32f7fa831402d816b372c5677221800ee426d3d9c185812879b2185d68692 (468.42 s; workers=6)
[2150/3610] completed sim-a44aef337882e93dcbb65b015a718e91a0e9136a03e5c603dde5e2cd8c766778 (478.33 s; workers=6)
[2160/3610] completed sim-92d75594a4e7c60d4ec22bfd3f83ca68b22f8d0183690f63e4fd7921721885b2 (467.10 s; workers=6)
[2170/3610] completed sim-eecca917b0d737e1a0be0c308c56ea76c2383c883e7ddf177ffeae4d46b453b0 (464.15 s; workers=6)
[2180/3610] completed sim-8d032e45491f046dc92f4cbed6d845d44fe9ee16e485e9642c5ac085b0a7994e (475.53 s; workers=6)
[2190/3610] completed sim-d90e92ea8b65baa00396de45fec6070e0699f45b4a8e7194d3e39944f711ba71 (466.12 s; workers=6)
[2200/3610] completed sim-2be821af45cf3451ea58a9231c991f075fb11c254e220b7f21d1b795264b0b33 (469.52 s; workers=6)
[2210/3610] completed sim-8cb5a282a1ac5ca884898f64620cb9444840db3e895ae3ede8d2f7fbfc9f49bf (472.59 s; workers=6)
[2220/3610] completed sim-d4e430c57dff462ede616b38184c441af905affb3d30bc06370c360ccc0654f4 (462.66 s; workers=6)
[2230/3610] completed sim-28d9eb5edd24cf0084f0580b749d6b134979e7c6abe93077b4eda80e39dec4f8 (460.13 s; workers=6)
[2240/3610] completed sim-2c7748d09bc405944d7bd8159b0ad22feedd36837d05f2603e890d951515939c (461.71 s; workers=6)
[2250/3610] completed sim-9b7cc53e36af46e6c252b4f21ffc9e344ffbd501aaf31552833d23c09db9c5a2 (462.50 s; workers=6)
[2260/3610] completed sim-948e893f97e0ec80bb354005330ef1f4ae48bf0ce6f64284bc5332076282aa38 (459.59 s; workers=6)
[2270/3610] completed sim-bb37a3fa7e050213a7c11d2f35ff486899b3a1f3f0631c799f23668fd04d4148 (458.19 s; workers=6)
[2280/3610] completed sim-ce2603ff6e15185a4971fba41a42eaad56a768781738f5f3b413ca5aa713a5c0 (466.43 s; workers=6)
[2290/3610] completed sim-dc4f697caf28c1139e8fd2b133db35eb479b57f8f02da54d75bcf2d3fdb552cd (666.22 s; workers=6)
[2300/3610] completed sim-63977fedd183e012c1cb4629f2a69c14749709caaa99356ab25c59bfe5120d2d (717.20 s; workers=6)
[2310/3610] completed sim-58709b11bd428a8b0a5ca2c4d5ea39cc96f5a8185cfddcfd9a6e2d052e180e57 (736.22 s; workers=6)
[2320/3610] completed sim-927a5a8f2beb9c35be5492ce91967812ef362b288328996d01671c668860ad8a (734.65 s; workers=6)
[2330/3610] completed sim-0c6afe461ac1c3112458d7eb8d1a0fc0e23387e9b2504191760a2c70fcae67c4 (719.54 s; workers=6)
[2340/3610] completed sim-94db88103ef2366f127196862809505c58294b2497123fac558dea0b532c64be (747.81 s; workers=6)
[2350/3610] completed sim-e6f1fbee7f3b680046edec53c09deed258a49cbe0a59027e90d934cb00d883f5 (750.69 s; workers=6)
[2360/3610] completed sim-a5427616b3a7a3ae4e2eb54b71a114073015cc4b72480d43db7f5dd4e5b931fe (754.88 s; workers=6)
[2370/3610] completed sim-211710987258f6fbd1798e8ea8b9e6883c34a1609e56a2690a2ff9039b8ed118 (760.36 s; workers=6)
[2380/3610] completed sim-8ed0de0dbec5a8137d43675d943944bfdbb933ec1a8171ba1f25aa44528a7318 (758.95 s; workers=6)
[2390/3610] completed sim-0e993035b6bf9935a14f4bd738eb8cba20f740168d1f697f9472bb85a0199412 (745.78 s; workers=6)
[2400/3610] completed sim-f70f0002e732a815770f1569ca54e40517f73d6cc80caca2615dbd8fba3cb84f (755.96 s; workers=6)
[2410/3610] completed sim-580128db8240915e846f04acfd1f59d27f3304ea8fc232eee1caf713c900d417 (760.16 s; workers=6)
[2420/3610] completed sim-35e9641c04d6e1bd14074f47ff575af1691269c5cf2ad3b2befec95ba94e8279 (748.00 s; workers=6)
[2430/3610] completed sim-19f684f9c6ca44246e285ce6fe9531d122ff2210a5aa3f774721c3ed545864f3 (756.39 s; workers=6)
[2440/3610] completed sim-1a18441dd9fcd6b0072c55b5f076c2eaefca2a2d4ce16dd26a52b85b1d898471 (761.77 s; workers=6)
[2450/3610] completed sim-81a8e01dc4c2c0f521d0006312d30056d5087083e9ffb46e787a713b9330b621 (778.53 s; workers=6)
[2460/3610] completed sim-bbcb04c03befe88d788f7ddf76f5c2f7fddb046ae4fc91c66642c2109e39f680 (751.40 s; workers=6)
[2470/3610] completed sim-81cb22494304201944e567f7c3a4e2cd6655f4c69fea43269f1f828cb5149c54 (750.54 s; workers=6)
[2480/3610] completed sim-8117d97f9f60b3c03730147d114342b582ee45a553568646871003a3cb960962 (751.44 s; workers=6)
[2490/3610] completed sim-2f89d81abd3bbf3702d535c23b45a1e41dbccdcb4e73d22d5ace1ef81abe97f1 (756.01 s; workers=6)
[2500/3610] completed sim-1b05adf868805cdcc013a4d0ef246bbfef0269cf8be634dc8cae90de9d4eae98 (773.22 s; workers=6)
[2510/3610] completed sim-8ac66625f28ee409384974025b5d69f7b2fdfc1259d0735497b38c341660e10a (750.62 s; workers=6)
[2520/3610] completed sim-0c67a8df5b333b9d54ff58d7e6a285b8227b615cfb5b6ddf4be1f13195e12853 (753.16 s; workers=6)
[2530/3610] completed sim-63a95e3c021dfb623b264e29e004ce3c05198ec8c258bc7f03728aa3222d4108 (750.35 s; workers=6)
[2540/3610] completed sim-41303b2c9bc65a194310efece46956a849eca1c4a10919a7dac30a9defee7449 (757.69 s; workers=6)
[2550/3610] completed sim-ca547c0e9073fc4c20a3e83cd06fd014edbe8c32425c1845d865ee4e890636e2 (806.38 s; workers=6)
[2560/3610] completed sim-620d5c1181ec97c4b9bb13511c7b80fdec532c181768e9759cc1ea9f7d4bb896 (823.02 s; workers=6)
[2570/3610] completed sim-de37727eb8ebb4bcc56ee6428c399db7e1bb245be28310d1437292216b1dc5ad (833.14 s; workers=6)
[2580/3610] completed sim-ba5809ac4b162a27bd021203ef6909ad5f05935a190e19e50b562bbe2c68eb82 (893.96 s; workers=6)
[2590/3610] completed sim-07804aaae608a4baa1d430e1417c16e2777e80b96ef7931afd119e4539ff2b80 (389.12 s; workers=6)
[2600/3610] completed sim-96cbe132db467de07c2c55d506c90728632888087e7955593c27d31b6823f98a (458.86 s; workers=6)
[2610/3610] completed sim-b7ad8ba3a2c3f8d136ba61c80b39ae543a38e93b3d6ca07c69af8146dd6893f0 (445.68 s; workers=6)
[2620/3610] completed sim-2d77cf5e884eb580ea4b42d9960e99ce1e96084959514aec085863626b0e70fb (432.91 s; workers=6)
[2630/3610] completed sim-900538e02ed639ffbdcd6312d6ff4caf4db1a002bfff7f147fd068bf0fa14aaa (436.22 s; workers=6)
[2640/3610] completed sim-295abc6073d1f148252adb77067821d7a8f3f2995a45e7e289b4f0fcb7c164a5 (448.59 s; workers=6)
[2650/3610] completed sim-cdfce487e703e092b953c41224e932a1554d2a860f2af0feda27e712e687a044 (409.20 s; workers=6)
[2660/3610] completed sim-7a744ac4380a267047e474b5f93caf6672f49479b96023a86b205d04ada7f1c9 (429.92 s; workers=6)
[2670/3610] completed sim-e1416234c0accfa36cd5ba3c99aa3912a8a3cc7fb48a809167b52322216d64db (430.16 s; workers=6)
[2680/3610] completed sim-d20bcbfd28c1f1b45bc9166c50d7e0ea61f1d42f03228226d8ffa4eef12788e1 (435.93 s; workers=6)
[2690/3610] completed sim-b4d977451f5e43f828dd561499b6eca231bcc9d4e879174e5da7b0733152dcc2 (507.87 s; workers=6)
[2700/3610] completed sim-1da1fb9e123112dccdbaee82226964a41adb7a8bbee834810f7ebb27064dc21a (543.78 s; workers=6)
[2710/3610] completed sim-93096636200590d9aa329e5064e6c6574a5d9bd2ff3806fbaab455422d81c95b (715.36 s; workers=6)
[2720/3610] completed sim-a49eb0497f8d1be950accec7b13ba43eac2b7ebedbf73fc203f0fb4c09c2d2f5 (779.03 s; workers=6)
[2730/3610] completed sim-dda47c0ade55cf2e7c29c5a34540ab2a864a7506fd54d3f3b7f840b564ff30ef (770.68 s; workers=6)
[2740/3610] completed sim-77bb6ea36c14a37e5f95bdfbb0c72962d8007a259ecb29c49447f48c4adace4d (754.32 s; workers=6)
[2750/3610] completed sim-e2142302084add9e08051d7c1e28820471b95a95cb87688dd6706082f0a00efc (724.57 s; workers=6)
[2760/3610] completed sim-05b19fe77f7a9084e96948b254ec33f0e8ed7fd8886ba21737c17b6a9312a273 (709.96 s; workers=6)
[2770/3610] completed sim-e343d09862d953a210a93f2ee5c26a3e54ed0fca58a40d67a8751b0ef784d9cf (742.16 s; workers=6)
[2780/3610] completed sim-7993f7771aabb752070cbb356a4f1f93df52549aa5886c541be16ea516cf059c (727.27 s; workers=6)
[2790/3610] completed sim-35682bb20fdca177d403ab131e9e063016b05410d405112ed6fcedeef9b021e0 (627.68 s; workers=6)
[2800/3610] completed sim-767a04d0edcbf0a12400a588d945c1ec142ae932ee354fbbccd61b1e413b310f (522.34 s; workers=6)
[2810/3610] completed sim-6809f18e9f783bc433d181540744b27c607a08ad1509ef78d3d2a3b13a4e1bfa (491.02 s; workers=6)
[2820/3610] completed sim-bc6dbfdb7571ef341b8e6c254680e444a1e69a10b1117ed36ef9679e2c731be7 (509.13 s; workers=6)
[2830/3610] completed sim-84e1518fac0d16fcafb9938383e73b697c6da81291ccd59bce846af9c48ffb66 (533.08 s; workers=6)
[2840/3610] completed sim-6b52a1ecc85f132ae8feefb778e80ff02dedf79d805102e167b3b8fbd55fd898 (542.87 s; workers=6)
[2850/3610] completed sim-41df55db5897ca692fcde29a12c00c3cf91d3a5bd5e0e2a56639fe85573db5df (561.26 s; workers=6)
[2860/3610] completed sim-29dc3830fc91169cae04f22636bc13ea876ff2313bb939cf8384fea451c46acd (553.32 s; workers=6)
[2870/3610] completed sim-4c7ec6d0387148ba5913cceb2c6aade69b3f77b7437d05e2e65bc5733fac0dbc (558.72 s; workers=6)
[2880/3610] completed sim-4c324218f301194bf7e740826e0b8de40bd78311e245b987cf5ce2e31f14a8cb (563.70 s; workers=6)
[2890/3610] completed sim-39a4472422fd8efedd44844d75c93f755d991c204fd19856644934d2887d73e0 (541.44 s; workers=6)
[2900/3610] completed sim-ac316aeaa296836b63437fa4f2b4937d88d9c46a47cd7b5fa1a2f27018730c48 (549.93 s; workers=6)
[2910/3610] completed sim-9b99a47d23ec3c32ede5089c5df71d03862534be683ab3883781f6ced06299b6 (565.68 s; workers=6)
[2920/3610] completed sim-3bec1b4226f8f630581bcf67d08ea8f841141c0083d0732c2585b0d5c36eec64 (551.43 s; workers=6)
[2930/3610] completed sim-1a53b16567d2414b873be0ccfcb6b4e6d1c778fbbbf5fd5ace1ba56378c953bd (557.38 s; workers=6)
[2940/3610] completed sim-5569d3ffa5498c3fa27099a0a0a94774dec959ce66e9da4b3719d42ec76410c0 (562.89 s; workers=6)
[2950/3610] completed sim-a28d27788b5a4c98d1913da27ae186d9830be2e21870c840b8013c289cfb7d71 (564.20 s; workers=6)
[2960/3610] completed sim-fb8c8671f5698a024673a0d1fa78fd1c89ff4e085e7c3af92b821192bd89bdb9 (555.23 s; workers=6)
[2970/3610] completed sim-33c60386a58e2ee63bae57c52420acd889a5a8a3a67a03012016cc2bc6477b76 (559.18 s; workers=6)
[2980/3610] completed sim-051f5e471604b8b062f41b2a85cf6dc00040bf8d68fd2293c7f5601a67b627a8 (566.32 s; workers=6)
[2990/3610] completed sim-c5d357c4ea3b09545bd85e6e99fa3b8638143ebd8f16313c49f453608b384774 (557.29 s; workers=6)
[3000/3610] completed sim-b2deefc9af56ec9c4daff362f5a4e0f5d7c3411ffed936186705896801349b7f (559.82 s; workers=6)
[3010/3610] completed sim-691401614ee4646862815c10a68d85531b1c52fc075c559721ffd3758f13c08c (562.39 s; workers=6)
[3020/3610] completed sim-93fb302c7946de52add361de9415b59eef269f06d808e6a033a24eb16b58463c (580.87 s; workers=6)
[3030/3610] completed sim-82b9d4047e4671e4154430cd243327439ab4c55abf9d3d93093daf0c030c82a3 (561.79 s; workers=6)
[3040/3610] completed sim-13c4a625bf7450f5943b93d73ce657abdb3bf5a45fc613ac37255d99e68da5fc (578.32 s; workers=6)
[3050/3610] completed sim-e964933d7bd91d5eda7f3cab9c07c0452c690272395bfa4c9fcd8ed59fa72fb2 (567.75 s; workers=6)
[3060/3610] completed sim-3dfd31c6293e91c02e926707f4c168c69086cedcab37541a1a551b447f2473e6 (565.79 s; workers=6)
[3070/3610] completed sim-eedd1eaf5182691be30f1ae954ae088aa5ec9445a7c0ca328c8a8a486498a3be (577.50 s; workers=6)
[3080/3610] completed sim-cac6df736d8850388640f11f44e402159fba2e561a54e09d58a44521c02d3b76 (561.02 s; workers=6)
[3090/3610] completed sim-ef65a379befdd7088b00d5f364061cafc9316bdde8f31cba3ed1e50ac471a722 (570.71 s; workers=6)
[3100/3610] completed sim-deecec71dca69cdd84e203804e1c1b5e6e3aa2484796b945dea00eb2d105d53f (578.64 s; workers=6)
[3110/3610] completed sim-058861c7241382887f000f1a4b850a921c8b18049d7868d48c44c302292ce0c1 (562.49 s; workers=6)
[3120/3610] completed sim-975806227f5ae68d2854c18afc230c842b88758f9cebffb74064f642ac1ea719 (562.28 s; workers=6)
[3130/3610] completed sim-220178f2f3903ec64e5d6ed422e21e96bf2b86a731296e2748971f61bae17706 (580.70 s; workers=6)
[3140/3610] completed sim-92039caf6403881e9644faf467874450a6fcdd967ed4ea7bf445769f7d8b0cea (566.60 s; workers=6)
[3150/3610] completed sim-c47d7c95700feee0e12acac0cd0bbc9b994578d430b6c64405e2eaae11a0463d (566.33 s; workers=6)
[3160/3610] completed sim-e4e9a091f8d910078a6e75900a9bf7c888526d6e30ffae9b73e60819af8c61cd (589.93 s; workers=6)
[3170/3610] completed sim-149591ab456414712a1964c7c77668a87b639b59382e2cfaf124de61443e42ca (601.06 s; workers=6)
[3180/3610] completed sim-52f2047638d33d88b8a41475d3d9d4679722224314fbedd2338b071ccbc97f35 (699.08 s; workers=6)
[3190/3610] completed sim-d18355001c8c1320ea03db41e00b5786dc1e94ee5fe1ae8ca2afb711fcffa0d7 (613.18 s; workers=6)
[3200/3610] completed sim-3838464526ebab3b2003ea32547937181acfcaeb6867e36e9088e29fe8229ee6 (390.01 s; workers=6)
[3210/3610] completed sim-fd89d2224d72a8cd727d320eedfeedfa9fdafe1c2c67482bbf77b47e1c4d99ac (415.99 s; workers=6)
[3220/3610] completed sim-e28ba249299c57ff837f8abc8c9e42da3f6f3a78c653dd3695d3a1794063fef4 (430.41 s; workers=6)
[3230/3610] completed sim-5f0eb2199b748f6e9549ab333fda951fe7680388abd2451a80098c06d338925f (444.80 s; workers=6)
[3240/3610] completed sim-beb3d532cfa51f23cedcc3e5b977e4627ae0868a8adc28905b3c27e8bc0e1c9d (447.03 s; workers=6)
[3250/3610] completed sim-e65b6e96e89cef67336156e3fe286eb01bcdab7f291105eec595318c3a22282a (470.12 s; workers=6)
[3260/3610] completed sim-f3903f68e1082ed101287e2bbe627fe91e28c74950396bcdf98f24090694f5b4 (469.61 s; workers=6)
[3270/3610] completed sim-12c3584bc0a951565ce9ecee7109ba8372cbc6d131e2fe3a3b79f86f911c0072 (499.28 s; workers=6)
[3280/3610] completed sim-49d35fad08de74c210b36055b56db2802b769694d70f88200ae868f6d5d8cd94 (508.17 s; workers=6)
[3290/3610] completed sim-09b454fba3b050bc9d22d4553771f1f32285b89262c3c8d58bb8c0c9754509d5 (522.80 s; workers=6)
[3300/3610] completed sim-97eba777a5d72546e82ee1d50c89cd1932ec3c04ff2509d63f5456dbf94ac8f9 (521.32 s; workers=6)
[3310/3610] completed sim-ee3967cd15ea07a4e3cf86a37bd69b747a15a135d59fb3c240444d09d0ce7f74 (535.23 s; workers=6)
[3320/3610] completed sim-eb51aa9f16fd04c913393fb58fac4da670faef05d3d903ea7330ab52775e5ae9 (540.61 s; workers=6)
[3330/3610] completed sim-9ab31118ca7467f7b26ee1f051df0286f63963c1c40a5785a54a0a2895cdc6cc (466.25 s; workers=6)
[3340/3610] completed sim-7f7a8dc599c644c524e8390940419349703c594c1345e33eca3f72baa53a4e1a (623.00 s; workers=6)
[3350/3610] completed sim-d01841a095739c0b847824a22f069f19028fb12168e202fb68c2cfde47f52a14 (497.29 s; workers=6)
[3360/3610] completed sim-fa50d6325b7919e04b5b73cfee8f8dfb19c89d5ca23c80c4425aefd176c64331 (542.58 s; workers=6)
[3370/3610] completed sim-baf0a471e7611b14d26906514578443b9b4bfb2b284cff080dd6909208e6a539 (556.53 s; workers=6)
[3380/3610] completed sim-3d96eba20666c011b0b0d8e493b6ea21169cb25e4a1b57a9fb38d50b83fd2d2e (566.88 s; workers=6)
[3390/3610] completed sim-6927702ba7dcb54856abfa09b904df26bce5fcce6d7895377ca16f4cd7d2d851 (570.14 s; workers=6)
[3400/3610] completed sim-e411178520be1142c01c3480f1db7c825227d7b90c6b3684251df8154b43d598 (552.14 s; workers=6)
[3410/3610] completed sim-a5a1f77754884c94d98c9c2264e470893567a948038dd2f98d6c1d5dd9457fdc (456.84 s; workers=6)
[3420/3610] completed sim-69e166a897022eb69f031cefad22bc5acd618c1f3be5af29ea34088602d69d23 (422.32 s; workers=6)
[3430/3610] completed sim-beeced7c0dc56c1d5990261044655d9b707ab48f93ea6e4113c2d2510ff71d73 (446.11 s; workers=6)
[3440/3610] completed sim-31938be1aa7ba531cc9f4f4835dc7bfcf4a8e5e958a5bc6047f65afae5c5f158 (460.96 s; workers=6)
[3450/3610] completed sim-43f940ef767532eaeb2aeed155f2c4656c7a423604ec56b8496c463917ca4d97 (468.07 s; workers=6)
[3460/3610] completed sim-8bfcede5a42679740c06399a0f9c400658012e6857d454335064880e562f3cd1 (476.92 s; workers=6)
[3470/3610] completed sim-e4cdfe1aeead548c1239fce1d979a2cfbe0a3d5f312ae09cff4a3681dfe9220e (468.51 s; workers=6)
[3480/3610] completed sim-376e43478509d063c4415bbaa7cc4004f08ad0b689c64e274b7dea9075c78fac (470.53 s; workers=6)
[3490/3610] completed sim-0bde6816188543c8130f0c650c7c850111db930059763ceba5f2a8f6509f665d (476.38 s; workers=6)
[3500/3610] completed sim-e028aba748a70e085a32478cb79a156a28bbc8581eee4f3a3973d30958820160 (469.43 s; workers=6)
[3510/3610] completed sim-e1d1da68c0d79a8719fec835721675b03c388c06a6f6910e5cda585ab5207435 (481.21 s; workers=6)
[3520/3610] completed sim-0cb3a29a0db8fd74b7ac140efdd4ea0927232f2d4c8f2ab78e74d0fee07b3afd (2619.15 s; workers=6)
[3530/3610] completed sim-c2361008d9613cbfead887f465c86721d686e3fa8ab6ff3316ccc52b1d26cdce (2417.12 s; workers=6)
[3540/3610] completed sim-c7a3c87a033cf45c24146a2c5b3e3dc88027c7b69e53df241b8160c356543786 (485.88 s; workers=6)
[3550/3610] completed sim-74629f7c041ddf66e8a07108e8c1cf85ade91292ca647469b1802ba51910278e (469.82 s; workers=6)
[3560/3610] completed sim-986c25ea7a977d1dc570f295a001243a7a1327c321b825cf549e48c38594314e (442.61 s; workers=6)
[3570/3610] completed sim-cb86b981b5d666864ac762a8dc958d4f536c0fecc914f95b83c2854074b4e8a6 (477.92 s; workers=6)
[3580/3610] completed sim-1e708091b43ac9409d92a44d1a36c6050fa05e7eecb6265b5ee71dd6c34fc53e (935.65 s; workers=6)
[3590/3610] completed sim-d307c7b661141f789e4105971193fb7ee4bcfba85b08ba1189aefe09cd32a9b4 (1090.15 s; workers=6)
[3600/3610] completed sim-36d7d8e21bea3b9469a7aeb30e711b5fe75d8519c74f1a6e104600b0615dba79 (580.39 s; workers=6)
[3610/3610] completed sim-33157e046c27acd83c47e43d61873e01f386fb3d41a5d9af24b0d1491c694bea (452.84 s; workers=6)
{
  "preflight_version": "single-realization-preflight-2.6.2",
  "design_type": "frozen_single_realization_paired_mechanism_test",
  "inferential_scope": "conditional_on_one_frozen_network_realization",
  "stochastic_population_inference_authorized": false,
  "fixed_seed": 601,
  "fixed_structural_seed": 160601,
  "analysis_task_count": 11686,
  "unique_simulation_count": 3610,
  "avoided_identical_recomputations": 8076,
  "task_identity_sha256": "30857ac18a7944a18cc022270428758a91fff49721ffec152f12edc78fdff4bc",
  "task_count_by_stage": {
    "A": 27,
    "B": 270,
    "C": 162,
    "D": 54,
    "E": 270,
    "F": 10800,
    "G": 31,
    "H": 72
  },
  "unique_simulations_within_stage": {
    "A": 27,
    "B": 270,
    "C": 162,
    "D": 54,
    "E": 270,
    "F": 3267,
    "G": 31,
    "H": 72
  },
  "checks": {
    "frozen_model_and_release_contract": {
      "pass": true
    },
    "task_matrix_identity": {
      "pass": true
    },
    "immutable_experiment_plan": {
      "pass": true
    },
    "analysis_task_index": {
      "pass": true
    },
    "complete_exact_checkpoint_set": {
      "pass": true
    }
  },
  "all_checks_pass": true
}
{
  "analysis_version": "single-realization-mechanistic-analysis-2.6.2",
  "design_type": "frozen_single_realization_paired_mechanism_test",
  "model_version": "distributed-local-terminal-mt-cpg-2.6.1-candidate",
  "fixed_seed": 601,
  "fixed_structural_seed": 160601,
  "independent_stochastic_realization_count": 1,
  "inferential_scope": "conditional_on_one_frozen_network_realization",
  "stochastic_population_inference_authorized": false,
  "routes_cells_contexts_are_independent_replicates": false,
  "primary_family_count": 10,
  "overall_interpretation": "not_all_preregistered_contrasts_favorable_within_frozen_realization",
  "general_hypothesis_statistically_confirmed": false,
  "general_hypothesis_statistically_rejected": false,
  "interpretation_limit": "The result is a conditional mechanistic demonstration in seed 601; it does not quantify robustness across alternative network/noise realizations.",
  "endpoint_contract_source": "analyze_primary_v2_6_1.py",
  "preflight_report": "postrun_preflight_single_realization_v2_6_2.json",
  "contrast_file": "single_realization_contrasts_v2_6_2.csv",
  "family_results": [
    {
      "family": 1,
      "endpoint": "lr_absolute_phase_error_burden",
      "contrast_definition": "dynamic_MT_minus_static_matched_MT",
      "contrast_value": -0.487052542253173,
      "favorable_direction": "negative",
      "direction_is_favorable": true,
      "zero_is_neutral": false,
      "independent_stochastic_realization_count": 1,
      "interpretation": "favorable_within_frozen_realization"
    },
    {
      "family": 2,
      "endpoint": "fe_absolute_phase_error_burden",
      "contrast_definition": "dynamic_MT_minus_static_matched_MT",
      "contrast_value": -0.202077752055013,
      "favorable_direction": "negative",
      "direction_is_favorable": true,
      "zero_is_neutral": false,
      "independent_stochastic_realization_count": 1,
      "interpretation": "favorable_within_frozen_realization"
    },
    {
      "family": 3,
      "endpoint": "lr_phase_slip_probability_burden",
      "contrast_definition": "dynamic_MT_minus_static_matched_MT",
      "contrast_value": -0.014777980381995265,
      "favorable_direction": "negative",
      "direction_is_favorable": true,
      "zero_is_neutral": false,
      "independent_stochastic_realization_count": 1,
      "interpretation": "favorable_within_frozen_realization"
    },
    {
      "family": 4,
      "endpoint": "fe_phase_slip_probability_burden",
      "contrast_definition": "dynamic_MT_minus_static_matched_MT",
      "contrast_value": 0.019064989388390973,
      "favorable_direction": "negative",
      "direction_is_favorable": false,
      "zero_is_neutral": false,
      "independent_stochastic_realization_count": 1,
      "interpretation": "unfavorable_within_frozen_realization"
    },
    {
      "family": 5,
      "endpoint": "bounded_cycle_interval_cv_burden",
      "contrast_definition": "dynamic_MT_minus_static_matched_MT",
      "contrast_value": 0.0028418998185212735,
      "favorable_direction": "negative",
      "direction_is_favorable": false,
      "zero_is_neutral": false,
      "independent_stochastic_realization_count": 1,
      "interpretation": "unfavorable_within_frozen_realization"
    },
    {
      "family": 6,
      "endpoint": "bilateral_mn_amplitude_imbalance_burden",
      "contrast_definition": "dynamic_MT_minus_static_matched_MT",
      "contrast_value": -0.00415507104893741,
      "favorable_direction": "negative",
      "direction_is_favorable": true,
      "zero_is_neutral": false,
      "independent_stochastic_realization_count": 1,
      "interpretation": "favorable_within_frozen_realization"
    },
    {
      "family": 7,
      "endpoint": "rg_to_pf_missed_transfer_probability_burden",
      "contrast_definition": "dynamic_MT_minus_static_matched_MT",
      "contrast_value": 0.0,
      "favorable_direction": "negative",
      "direction_is_favorable": false,
      "zero_is_neutral": true,
      "independent_stochastic_realization_count": 1,
      "interpretation": "neutral_within_frozen_realization"
    },
    {
      "family": 8,
      "endpoint": "rg_to_mn_missed_transfer_probability_burden",
      "contrast_definition": "dynamic_MT_minus_static_matched_MT",
      "contrast_value": 0.0,
      "favorable_direction": "negative",
      "direction_is_favorable": false,
      "zero_is_neutral": true,
      "independent_stochastic_realization_count": 1,
      "interpretation": "neutral_within_frozen_realization"
    },
    {
      "family": 9,
      "endpoint": "four_second_nonrecovery_burden_s",
      "contrast_definition": "dynamic_MT_minus_static_matched_MT",
      "contrast_value": -0.19932500000000086,
      "favorable_direction": "negative",
      "direction_is_favorable": true,
      "zero_is_neutral": false,
      "independent_stochastic_realization_count": 1,
      "interpretation": "favorable_within_frozen_realization"
    },
    {
      "family": 10,
      "endpoint": "postchallenge_rg_to_mn_transfer_deficit_difference_in_differences",
      "contrast_definition": "challenge_by_route_impairment_difference_in_differences_on_RG_to_MN_transfer",
      "contrast_value": 0.00010347469237082935,
      "favorable_direction": "negative",
      "direction_is_favorable": false,
      "zero_is_neutral": false,
      "independent_stochastic_realization_count": 1,
      "interpretation": "unfavorable_within_frozen_realization"
    }
  ]
}
single_realization_run_preflight_analysis=PASS
